2026-08-13 16:05:29 - INFO - shopping_api - Shopping API logging initialized
2026-08-13 16:07:08 - INFO - shopping_api - Shopping API logging initialized
2026-08-13 16:18:32 - INFO - shopping_api - Shopping API logging initialized
2026-08-13 16:19:16 - INFO - shopping_api - Shopping API logging initialized
2026-08-13 16:19:35 - INFO - shopping_api - Shopping API logging initialized
2026-08-13 16:19:35 - INFO - shopping_api - Logger test message: logging is working.
2026-08-13 16:20:56 - INFO - shopping_api - Shopping API logging initialized
2026-08-13 16:21:20 - INFO - shopping_api - Shopping API logging initialized
2026-08-13 16:22:24 - INFO - shopping_api - Login attempt for email=sam@example.com
2026-08-13 16:22:25 - WARNING - shopping_api - Login failed: invalid password for email=sam@example.com
2026-08-13 16:28:23 - INFO - shopping_api - Shopping API logging initialized
2026-08-13 16:28:23 - INFO - shopping_api - Shopping API logging initialized
2026-08-13 16:31:13 - INFO - shopping_api - Shopping API logging initialized
2026-08-13 16:31:13 - INFO - shopping_api - Shopping API logging initialized
2026-08-13 17:06:55 - INFO - shopping_api - Shopping API logging initialized
2026-08-13 17:13:33 - INFO - shopping_api - Shopping API logging initialized
2026-08-13 17:13:33 - INFO - shopping_api - Shopping API logging initialized
2026-08-13 17:14:27 - INFO - shopping_api - Login attempt for email=shiv@example.com
2026-08-13 17:14:28 - INFO - shopping_api - Successful login for user_id=9
2026-08-13 17:15:42 - INFO - shopping_api - Order confirmation sent: order_id=5 user_id=9 total_amount=140000.00
2026-08-13 18:00:05 - INFO - shopping_api - Shopping API logging initialized
2026-08-13 18:04:28 - INFO - shopping_api - Shopping API logging initialized
2026-08-13 18:07:39 - INFO - shopping_api - Shopping API logging initialized
2026-08-13 18:10:54 - INFO - shopping_api - Shopping API logging initialized
2026-08-13 18:11:57 - INFO - shopping_api - Shopping API logging initialized
2026-08-13 18:13:51 - INFO - shopping_api - Shopping API logging initialized
2026-08-13 18:14:51 - INFO - shopping_api - Shopping API logging initialized
2026-08-13 18:15:44 - INFO - shopping_api - Shopping API logging initialized
2026-08-13 18:15:58 - INFO - shopping_api - Shopping API logging initialized
2026-08-13 18:16:45 - INFO - shopping_api - Shopping API logging initialized
2026-08-13 18:16:49 - INFO - shopping_api - Shopping API logging initialized
2026-08-13 18:18:30 - INFO - shopping_api - Shopping API logging initialized
2026-08-13 18:18:31 - INFO - shopping_api - Login attempt for email=cart-owner_2259c2e6@example.com
2026-08-13 18:18:32 - INFO - shopping_api - Successful login for user_id=1
2026-08-13 18:18:32 - INFO - shopping_api - Login attempt for email=first-user_23f84bc3@example.com
2026-08-13 18:18:32 - INFO - shopping_api - Successful login for user_id=1
2026-08-13 18:18:33 - INFO - shopping_api - Login attempt for email=empty-cart_865f0d04@example.com
2026-08-13 18:18:33 - INFO - shopping_api - Successful login for user_id=1
2026-08-13 18:18:33 - INFO - shopping_api - Login attempt for email=order-history_b7c8cc19@example.com
2026-08-13 18:18:33 - INFO - shopping_api - Successful login for user_id=1
2026-08-13 18:18:34 - INFO - shopping_api - Login attempt for email=order-details_25c41ad4@example.com
2026-08-13 18:18:34 - INFO - shopping_api - Successful login for user_id=1
2026-08-13 18:18:34 - INFO - shopping_api - Login attempt for email=invalid-payment_c30c1510@example.com
2026-08-13 18:18:34 - INFO - shopping_api - Successful login for user_id=1
2026-08-13 18:18:36 - INFO - shopping_api - Login attempt for email=login_f636a043@example.com
2026-08-13 18:18:37 - INFO - shopping_api - Successful login for user_id=1
2026-08-13 18:18:37 - INFO - shopping_api - Login attempt for email=wrong-password_effcd5c8@example.com
2026-08-13 18:18:37 - WARNING - shopping_api - Login failed: invalid password for email=wrong-password_effcd5c8@example.com
2026-08-13 18:26:13 - INFO - shopping_api - Shopping API logging initialized
2026-08-13 18:26:29 - INFO - shopping_api - Shopping API logging initialized
2026-08-13 18:29:22 - INFO - shopping_api - Shopping API logging initialized
2026-08-13 18:29:26 - INFO - shopping_api - Shopping API logging initialized
2026-08-13 18:33:25 - INFO - shopping_api - Shopping API logging initialized
2026-08-13 18:34:30 - INFO - shopping_api - Shopping API logging initialized
2026-08-13 18:35:50 - INFO - shopping_api - Shopping API logging initialized
2026-08-13 18:40:24 - INFO - shopping_api - Shopping API logging initialized
2026-08-13 18:42:14 - INFO - shopping_api - Shopping API logging initialized
2026-08-13 18:53:43 - INFO - shopping_api - Shopping API logging initialized
2026-08-13 19:40:19 - INFO - shopping_api - Shopping API logging initialized
2026-08-13 19:40:23 - INFO - shopping_api - Shopping API logging initialized
2026-08-13 19:40:51 - INFO - shopping_api - Shopping API logging initialized
2026-08-13 19:41:16 - INFO - shopping_api - Shopping API logging initialized
2026-08-13 19:41:53 - INFO - shopping_api - Shopping API logging initialized
2026-08-13 19:42:24 - INFO - shopping_api - Shopping API logging initialized
2026-08-13 19:49:02 - INFO - shopping_api - Login attempt for email=sam@example.com
2026-08-13 19:49:02 - INFO - shopping_api - Successful login for user_id=8
2026-08-13 20:04:47 - INFO - shopping_api - Shopping API logging initialized
2026-08-13 20:05:14 - INFO - shopping_api - Login attempt for email=sam@example.com
2026-08-13 20:05:15 - INFO - shopping_api - Successful login for user_id=8
2026-08-13 20:12:14 - INFO - shopping_api - Login attempt for email=shiv@example.com
2026-08-13 20:12:15 - INFO - shopping_api - Successful login for user_id=9
2026-08-13 20:16:45 - INFO - shopping_api - Shopping API logging initialized
2026-08-13 20:27:44 - INFO - shopping_api - Shopping API logging initialized
2026-08-13 20:48:45 - INFO - shopping_api - Shopping API logging initialized
2026-08-13 20:52:58 - INFO - shopping_api - Shopping API logging initialized
2026-08-13 20:53:46 - INFO - shopping_api - Shopping API logging initialized
2026-08-13 21:13:11 - INFO - shopping_api - Shopping API logging initialized
2026-08-13 21:13:13 - INFO - shopping_api - Login attempt for email=user_aa65c53b@example.com
2026-08-13 21:13:13 - INFO - shopping_api - Successful login for user_id=1
2026-08-13 21:13:13 - INFO - shopping_api - Login attempt for email=user_38817c3e@example.com
2026-08-13 21:13:13 - INFO - shopping_api - Successful login for user_id=1
2026-08-13 21:13:14 - INFO - shopping_api - Login attempt for email=user_c826c0bd@example.com
2026-08-13 21:13:14 - INFO - shopping_api - Successful login for user_id=1
2026-08-13 21:13:15 - INFO - shopping_api - Login attempt for email=user_a60ec28f@example.com
2026-08-13 21:13:15 - INFO - shopping_api - Successful login for user_id=1
2026-08-13 21:13:15 - INFO - shopping_api - Login attempt for email=user_2bfb7c8f@example.com
2026-08-13 21:13:15 - INFO - shopping_api - Successful login for user_id=1
2026-08-13 21:13:16 - INFO - shopping_api - Login attempt for email=user_1290d811@example.com
2026-08-13 21:13:16 - INFO - shopping_api - Successful login for user_id=1
2026-08-13 21:24:31 - INFO - shopping_api - Shopping API logging initialized
2026-08-13 21:24:32 - INFO - shopping_api - Login attempt for email=order_73981b4c@example.com
2026-08-13 21:24:32 - INFO - shopping_api - Successful login for user_id=1
2026-08-13 21:24:32 - INFO - shopping_api - Login attempt for email=order_c9047205@example.com
2026-08-13 21:24:33 - INFO - shopping_api - Successful login for user_id=1
2026-08-13 21:24:33 - INFO - shopping_api - Login attempt for email=order_2b2138db@example.com
2026-08-13 21:24:33 - INFO - shopping_api - Successful login for user_id=1
2026-08-13 21:24:33 - INFO - shopping_api - Order confirmation sent: order_id=1 user_id=1 total_amount=51.00
2026-08-13 21:24:34 - INFO - shopping_api - Login attempt for email=order_abb44269@example.com
2026-08-13 21:24:34 - INFO - shopping_api - Successful login for user_id=1
2026-08-13 21:24:34 - INFO - shopping_api - Order confirmation sent: order_id=1 user_id=1 total_amount=51.00
2026-08-13 21:24:35 - INFO - shopping_api - Login attempt for email=order_3b2a303a@example.com
2026-08-13 21:24:35 - INFO - shopping_api - Successful login for user_id=1
2026-08-13 21:24:35 - INFO - shopping_api - Order confirmation sent: order_id=1 user_id=1 total_amount=51.00
2026-08-13 21:24:35 - INFO - shopping_api - Login attempt for email=order_43f7c495@example.com
2026-08-13 21:24:35 - INFO - shopping_api - Successful login for user_id=1
2026-08-13 21:24:35 - INFO - shopping_api - Order confirmation sent: order_id=1 user_id=1 total_amount=51.00
2026-08-13 21:24:36 - INFO - shopping_api - Login attempt for email=order_4e7a1a38@example.com
2026-08-13 21:24:36 - INFO - shopping_api - Successful login for user_id=1
2026-08-13 21:24:37 - INFO - shopping_api - Login attempt for email=order_8599200c@example.com
2026-08-13 21:24:37 - INFO - shopping_api - Successful login for user_id=1
2026-08-13 21:24:37 - INFO - shopping_api - Order confirmation sent: order_id=1 user_id=1 total_amount=51.00
2026-08-13 21:24:37 - INFO - shopping_api - Login attempt for email=order_938fa6ad@example.com
2026-08-13 21:24:37 - INFO - shopping_api - Successful login for user_id=2
2026-08-13 22:42:43 - INFO - shopping_api - Shopping API logging initialized
2026-08-13 22:42:44 - INFO - shopping_api - Login attempt for email=order_f1f284b3@example.com
2026-08-13 22:42:45 - INFO - shopping_api - Successful login for user_id=1
2026-08-13 22:42:45 - INFO - shopping_api - Login attempt for email=order_f54eec07@example.com
2026-08-13 22:42:45 - INFO - shopping_api - Successful login for user_id=1
2026-08-13 22:42:46 - INFO - shopping_api - Login attempt for email=order_cb903b7c@example.com
2026-08-13 22:42:46 - INFO - shopping_api - Successful login for user_id=1
2026-08-13 22:42:46 - INFO - shopping_api - Order confirmation sent: order_id=1 user_id=1 total_amount=51.00
2026-08-13 22:42:47 - INFO - shopping_api - Login attempt for email=order_16fa171a@example.com
2026-08-13 22:42:47 - INFO - shopping_api - Successful login for user_id=1
2026-08-13 22:42:47 - INFO - shopping_api - Order confirmation sent: order_id=1 user_id=1 total_amount=51.00
2026-08-13 22:42:48 - INFO - shopping_api - Login attempt for email=order_fda20d0d@example.com
2026-08-13 22:42:48 - INFO - shopping_api - Successful login for user_id=1
2026-08-13 22:42:48 - INFO - shopping_api - Order confirmation sent: order_id=1 user_id=1 total_amount=51.00
2026-08-13 22:42:48 - INFO - shopping_api - Login attempt for email=order_239bad0d@example.com
2026-08-13 22:42:49 - INFO - shopping_api - Successful login for user_id=1
2026-08-13 22:42:49 - INFO - shopping_api - Order confirmation sent: order_id=1 user_id=1 total_amount=51.00
2026-08-13 22:42:50 - INFO - shopping_api - Login attempt for email=order_1e246600@example.com
2026-08-13 22:42:50 - INFO - shopping_api - Successful login for user_id=1
2026-08-13 22:42:51 - INFO - shopping_api - Login attempt for email=order_62f2de7e@example.com
2026-08-13 22:42:51 - INFO - shopping_api - Successful login for user_id=1
2026-08-13 22:42:51 - INFO - shopping_api - Order confirmation sent: order_id=1 user_id=1 total_amount=51.00
2026-08-13 22:42:51 - INFO - shopping_api - Login attempt for email=order_cb57d08a@example.com
2026-08-13 22:42:51 - INFO - shopping_api - Successful login for user_id=2
2026-08-14 06:22:14 - INFO - shopping_api - Shopping API logging initialized
2026-08-14 06:23:45 - INFO - shopping_api - Login attempt for email=sam@example.com
2026-08-14 06:23:46 - INFO - shopping_api - Successful login for user_id=8
2026-08-14 06:25:09 - INFO - shopping_api - Shopping API logging initialized
2026-08-14 06:26:12 - INFO - shopping_api - Order confirmation sent: order_id=6 user_id=8 total_amount=241000.00
2026-08-14 07:21:04 - INFO - shopping_api - Shopping API logging initialized
2026-08-14 09:41:25 - INFO - shopping_api - Shopping API logging initialized
2026-08-14 09:47:06 - INFO - shopping_api - Shopping API logging initialized
2026-08-14 09:47:09 - INFO - shopping_api - Shopping API logging initialized
2026-08-14 09:48:04 - INFO - shopping_api - Shopping API logging initialized
2026-08-14 09:55:04 - INFO - shopping_api - Shopping API logging initialized
2026-08-14 09:58:25 - INFO - shopping_api - Login attempt for email=badal@example.com
2026-08-14 09:58:25 - INFO - shopping_api - Successful login for user_id=13
